// Jest Snapshot v1, https://goo.gl/fbAQLP

exports[`Render children and match the snapshot 1`] = `
<DocumentFragment>
  Children 
</DocumentFragment>
`;
